[{"detector":"aws_instance_invalid_type","type":"ERROR","message":"\"ms1.2xlarge\" is invalid instance type.","line":7,"file":"01-testcase.tf","link":"https://github.com/wata727/tflint/blob/master/docs/aws_instance_invalid_type.md"},{"detector":"aws_instance_invalid_type","type":"ERROR","message":"\"ms1.2xlarge\" is invalid instance type.","line":7,"file":"01-testcase.tf","link":"https://github.com/wata727/tflint/blob/master/docs/aws_instance_invalid_type.md"},{"detector":"aws_instance_invalid_type","type":"ERROR","message":"\"ms2000.2xlarge\" is invalid instance type.","line":7,"file":"02-testcase.tf","link":"https://github.com/wata727/tflint/blob/master/docs/aws_instance_invalid_type.md"}]
